// Jest Snapshot v1, https://goo.gl/fbAQLP

exports[`Header renders correctly 1`] = `
<Header
  path="/owa/bedmanagement/admissionLocations.html"
>
  <nav>
    <ul
      className="title-section"
    >
      <li>
        <a
          href="/openmrs"
        >
          <i
            aria-hidden="true"
            className="fa fa-home"
          />
        </a>
      </li>
      <li>
        <Link
          className="active"
          replace={false}
          to="/owa/bedmanagement/admissionLocations.html"
        >
          <a
            className="active"
            onClick={[Function]}
          >
            <FormattedMessage
              id="ADMISSION_LOCATIONS"
              values={Object {}}
            >
              <span>
                Admission Locations
              </span>
            </FormattedMessage>
          </a>
        </Link>
      </li>
      <li>
        <Link
          className=""
          replace={false}
          to="/owa/bedmanagement/bedTypes.html"
        >
          <a
            className=""
            onClick={[Function]}
          >
            <FormattedMessage
              id="BED_TYPES"
              values={Object {}}
            >
              <span>
                Bed Types
              </span>
            </FormattedMessage>
          </a>
        </Link>
      </li>
      <li>
        <Link
          className=""
          replace={false}
          to="/owa/bedmanagement/bedTags.html"
        >
          <a
            className=""
            onClick={[Function]}
          >
            <FormattedMessage
              id="BED_TAGS"
              values={Object {}}
            >
              <span>
                Bed Tags
              </span>
            </FormattedMessage>
          </a>
        </Link>
      </li>
    </ul>
  </nav>
</Header>
`;
