// Jest Snapshot v1, https://goo.gl/fbAQLP

exports[`BedTypeList Should render bed Type list properly 1`] = `
<fieldset
  className="bed-type-listing"
>
  <legend>
      
    Existing Bed Types
      
  </legend>
  <table>
    <thead>
      <tr>
        <th>
          Name
        </th>
        <th>
          Display Name
        </th>
        <th
          className="description"
        >
          Description
        </th>
        <th>
          Action
        </th>
      </tr>
    </thead>
    <tbody>
      <BedTypeListRow
        bedType={
          Object {
            "description": "DLX",
            "displayName": "deluxe bed",
            "name": "deluxe",
            "uuid": "6f9faf08-0fd5-11e8-adb7-080027b38971",
          }
        }
        bedTypeFunctions={
          Object {
            "fetchBedTypes": [Function],
            "getBedTypeByUuid": [Function],
            "getBedTypeName": [Function],
            "getBedTypes": [Function],
            "notify": [Function],
            "setState": [Function],
          }
        }
        key="0"
      />
      <BedTypeListRow
        bedType={
          Object {
            "description": "LXY",
            "displayName": "luxury bed",
            "name": "luxury",
            "uuid": "6f9fb240-0fd5-11e8-adb7-080027b38971",
          }
        }
        bedTypeFunctions={
          Object {
            "fetchBedTypes": [Function],
            "getBedTypeByUuid": [Function],
            "getBedTypeName": [Function],
            "getBedTypes": [Function],
            "notify": [Function],
            "setState": [Function],
          }
        }
        key="1"
      />
      <BedTypeListRow
        bedType={
          Object {
            "description": "deluxe",
            "displayName": "double bed",
            "name": "dbl",
            "uuid": "6f9fb341-0fd5-11e8-adb7-080027b38971",
          }
        }
        bedTypeFunctions={
          Object {
            "fetchBedTypes": [Function],
            "getBedTypeByUuid": [Function],
            "getBedTypeName": [Function],
            "getBedTypes": [Function],
            "notify": [Function],
            "setState": [Function],
          }
        }
        key="2"
      />
    </tbody>
  </table>
  <button
    className="list-btn"
    onClick={[Function]}
    value="Add New"
  >
    Add New
  </button>
</fieldset>
`;
