// Jest Snapshot v1, https://goo.gl/fbAQLP

exports[`BedTypeListRow Should render bed Type list properly 1`] = `
<tr>
  <td>
    luxury
  </td>
  <td>
    luxury bed
  </td>
  <td>
    LXY
  </td>
  <td>
    <a
      href="javascript:void(0);"
      onClick={[Function]}
    >
      <i
        aria-hidden="true"
        className="icon fa fa-edit"
      />
       
      Edit
    </a>
      |  
    <a
      href="javascript:void(0);"
      onClick={[Function]}
    >
      <i
        aria-hidden="true"
        className="icon fa fa-trash"
      />
       
      Delete
    </a>
  </td>
</tr>
`;
