// Jest Snapshot v1, https://goo.gl/fbAQLP

exports[`SetBedLayout Should display set layout form properly 1`] = `
<div
  className="main-container"
>
  <fieldset
    className="admission-location-form"
  >
    <legend>
        Set Layout  
    </legend>
    <div
      className="block-content"
    >
      <form
        onSubmit={[Function]}
      >
        <div
          className="form-block"
        >
          <label
            className="form-title inline"
          >
            Location:
          </label>
          <span>
            General Ward
          </span>
        </div>
        <div
          className="form-block"
        >
          <label
            className="form-title"
          >
            Rows:
          </label>
          <input
            id="row-field"
            onChange={[Function]}
            required={true}
            type="number"
          />
        </div>
        <div
          className="form-block"
        >
          <label
            className="form-title"
          >
            Column:
          </label>
          <input
            id="column-field"
            onChange={[Function]}
            required={true}
            type="number"
          />
        </div>
        <div
          className="form-block"
        >
          <input
            className="form-btn float-left margin-right"
            disabled={false}
            name="submit"
            type="submit"
            value="Save"
          />
          <input
            className="form-btn float-left"
            name="cancel"
            onClick={[Function]}
            type="button"
            value="Cancel"
          />
        </div>
      </form>
    </div>
  </fieldset>
</div>
`;
